Traceback (most recent call last):
  File "/.uv/python_install/cpython-3.10.20-linux-x86_64-gnu/lib/python3.10/runpy.py", line 196, in _run_module_as_main
    return _run_code(code, main_globals, None,
  File "/.uv/python_install/cpython-3.10.20-linux-x86_64-gnu/lib/python3.10/runpy.py", line 86, in _run_code
    exec(code, run_globals)
  File "/workspace/sglang/python/sglang/launch_server.py", line 8, in <module>
    from sglang.srt.server_args import prepare_server_args
  File "/workspace/sglang/python/sglang/srt/server_args.py", line 73, in <module>
    from sglang.srt.utils.hf_transformers_utils import check_gguf_file
  File "/workspace/sglang/python/sglang/srt/utils/hf_transformers_utils.py", line 53, in <module>
    from transformers import AutoConfig, GenerationConfig
  File "/workspace/autoresearch/.venv/lib/python3.10/site-packages/transformers/__init__.py", line 27, in <module>
    from . import dependency_versions_check
  File "/workspace/autoresearch/.venv/lib/python3.10/site-packages/transformers/dependency_versions_check.py", line 57, in <module>
    require_version_core(deps[pkg])
  File "/workspace/autoresearch/.venv/lib/python3.10/site-packages/transformers/utils/versions.py", line 117, in require_version_core
    return require_version(requirement, hint)
  File "/workspace/autoresearch/.venv/lib/python3.10/site-packages/transformers/utils/versions.py", line 111, in require_version
    _compare_versions(op, got_ver, want_ver, requirement, pkg, hint)
  File "/workspace/autoresearch/.venv/lib/python3.10/site-packages/transformers/utils/versions.py", line 44, in _compare_versions
    raise ImportError(
ImportError: huggingface-hub>=0.34.0,<1.0 is required for a normal functioning of this module, but found huggingface-hub==1.5.0.
Try: `pip install transformers -U` or `pip install -e '.[dev]'` if you're working with git main
