  ┊ 📚 skill     marconi-autoresearch-workspace  0.0s
  ┊ 📋 plan      5 task(s)  0.0s
  ┊ 📖 read      /workspace/autoresearch/README.md  2.5s
  ┊ 📖 read      /workspace/autoresearch/program.md  2.4s
  ┊ 📖 read      /workspace/autoresearch/context.md  2.5s
  ┊ 📖 read      /workspace/autoresearch/AGENTS.md  2.4s
  ┊ 💻 $         set -e
cd /workspace/autoresearch
expor...  0.6s [exit 2]
  ┊ 📖 read      /workspace/autoresearch/results.tsv  2.4s
  ┊ 📖 read      /workspace/autoresearch/context.md  2.5s
  ┊ 📖 read      /workspace/sglang/context.txt  1.2s [error]
  ┊ 📖 read      /workspace/sglang/marconi.txt  1.2s [error]
  ┊ 💻 $         git -C /workspace/sglang rev-parse --sh...  0.6s
  ┊ 💻 $         git -C /workspace/sglang diff -- python...  0.6s
  ┊ 💻 $         git -C /workspace/sglang diff -- python...  0.6s
  ┊ 💻 $         git -C /workspace/sglang diff -- python...  0.6s
  ┊ 💻 $         git -C /workspace/sglang diff -- test/r...  0.6s
  ┊ 🔎 grep      tie|flat|near|freeze|skip|curren...  2.5s
  ┊ 📖 read      ...g/srt/mem_cache/marconi_tuner.py  2.5s
  ┊ 📖 read      ...mem_cache/marconi_replay_core.py  2.5s
  ┊ 🔎 grep      weight_scores|best_weight|curren...  1.2s
  ┊ 📖 read      ...g/srt/mem_cache/marconi_tuner.py  2.5s
  ┊ 🔎 grep      last_tuned_eff_weight|current_ef...  1.2s
  ┊ 📖 read      ...t/mem_cache/mamba_radix_cache.py  2.5s
  ┊ 🔎 grep      best_weight|last_tuned_eff_weigh...  1.2s
  ┊ 💻 $         python - <<'PY'
from pathlib import Pat...  0.6s [exit 127]
  ┊ 💻 $         python3 - <<'PY'
from pathlib import Pa...  0.6s [exit 1]
  ┊ 🐍 exec      from hermes_tools import read_file  2.6s
  ┊ 🐍 exec      from hermes_tools import search_...  6.2s
  ┊ 📖 read      ...t/mem_cache/mamba_radix_cache.py  2.5s
  ┊ 🐍 exec      from hermes_tools import search_...  5.5s
