benchmark_args=Namespace(backend='sglang', base_url=None, host='127.0.0.1', port=30000, ready_check_timeout_sec=60, dataset_name='generated-shared-prefix', dataset_path='', model=None, served_model_name=None, tokenizer=None, num_prompts=1536, sharegpt_output_len=None, sharegpt_context_len=None, random_input_len=1024, random_output_len=1024, random_range_ratio=0.0, image_count=1, image_resolution='1080p', random_image_count=False, image_format='jpeg', image_content='random', request_rate=inf, use_trace_timestamps=False, max_concurrency=None, output_file='/workspace/autoresearch/results/20260326-223601/fast/result.jsonl', output_details=True, print_requests=False, disable_tqdm=False, disable_stream=False, return_logprob=False, top_logprobs_num=0, token_ids_logprob=None, logprob_start_len=-1, return_routed_experts=False, seed=7, disable_ignore_eos=False, extra_request_body=None, apply_chat_template=False, profile=False, plot_throughput=False, profile_activities=['CPU', 'GPU'], profile_start_step=None, profile_steps=None, profile_num_steps=None, profile_by_stage=False, profile_stages=None, profile_output_dir=None, profile_prefix=None, lora_name=None, lora_request_distribution='uniform', lora_zipf_alpha=1.5, prompt_suffix='', pd_separated=False, profile_prefill_url=None, profile_decode_url=None, flush_cache=False, warmup_requests=1, tokenize_prompt=False, gsp_num_groups=96, gsp_prompts_per_group=16, gsp_system_prompt_len=8192, gsp_question_len=512, gsp_output_len=128, gsp_range_ratio=1.0, gsp_fast_prepare=False, gsp_send_routing_key=False, gsp_num_turns=1, gsp_ordered=False, mooncake_slowdown_factor=1.0, mooncake_num_rounds=1, mooncake_workload='conversation', tag=None, header=None)
Waiting up to 60s for http://127.0.0.1:30000/v1/models to become ready...
Server ready in 0.0s.
Namespace(backend='sglang', base_url=None, host='127.0.0.1', port=30000, ready_check_timeout_sec=60, dataset_name='generated-shared-prefix', dataset_path='', model='nvidia/NVIDIA-Nemotron-Nano-9B-v2', served_model_name=None, tokenizer=None, num_prompts=1536, sharegpt_output_len=None, sharegpt_context_len=None, random_input_len=1024, random_output_len=1024, random_range_ratio=0.0, image_count=1, image_resolution='1080p', random_image_count=False, image_format='jpeg', image_content='random', request_rate=inf, use_trace_timestamps=False, max_concurrency=None, output_file='/workspace/autoresearch/results/20260326-223601/fast/result.jsonl', output_details=True, print_requests=False, disable_tqdm=False, disable_stream=False, return_logprob=False, top_logprobs_num=0, token_ids_logprob=None, logprob_start_len=-1, return_routed_experts=False, seed=7, disable_ignore_eos=False, extra_request_body=None, apply_chat_template=False, profile=False, plot_throughput=False, profile_activities=['CPU', 'GPU'], profile_start_step=None, profile_steps=None, profile_num_steps=None, profile_by_stage=False, profile_stages=None, profile_output_dir=None, profile_prefix=None, lora_name=None, lora_request_distribution='uniform', lora_zipf_alpha=1.5, prompt_suffix='', pd_separated=False, profile_prefill_url=None, profile_decode_url=None, flush_cache=False, warmup_requests=1, tokenize_prompt=False, gsp_num_groups=96, gsp_prompts_per_group=16, gsp_system_prompt_len=8192, gsp_question_len=512, gsp_output_len=128, gsp_range_ratio=1.0, gsp_fast_prepare=False, gsp_send_routing_key=False, gsp_num_turns=1, gsp_ordered=False, mooncake_slowdown_factor=1.0, mooncake_num_rounds=1, mooncake_workload='conversation', tag=None, header=None)


Loading cached generated input data from /root/.cache/sglang/benchmark/gen_shared_prefix_7_96_16_8192_512_128_PreTrainedTokenizerFast.pkl
Starting warmup with 1 sequences...
Warmup completed with 1 sequences. Starting main benchmark run...
  0%|                                                                                                                                        | 0/1536 [00:00<?, ?it/s]  0%|                                                                                                                             | 1/1536 [01:08<29:18:36, 68.74s/it] 10%|███████████▉                                                                                                                  | 146/1536 [01:44<13:20,  1.74it/s] 19%|███████████████████████▊                                                                                                      | 291/1536 [02:13<07:24,  2.80it/s] 28%|███████████████████████████████████▊                                                                                          | 436/1536 [02:40<05:03,  3.62it/s] 38%|███████████████████████████████████████████████▋                                                                              | 581/1536 [03:08<03:53,  4.09it/s] 47%|███████████████████████████████████████████████████████████▌                                                                  | 726/1536 [03:38<03:06,  4.34it/s] 57%|███████████████████████████████████████████████████████████████████████▍                                                      | 871/1536 [04:01<02:17,  4.85it/s] 66%|██████████████████████████████████████████████████████████████████████████████████▋                                          | 1016/1536 [04:15<01:28,  5.86it/s] 76%|██████████████████████████████████████████████████████████████████████████████████████████████▍                              | 1161/1536 [04:29<00:54,  6.84it/s] 85%|██████████████████████████████████████████████████████████████████████████████████████████████████████████▏                  | 1305/1536 [04:40<00:33,  6.84it/s] 85%|██████████████████████████████████████████████████████████████████████████████████████████████████████████▎                  | 1306/1536 [04:42<00:29,  7.73it/s] 94%|██████████████████████████████████████████████████████████████████████████████████████████████████████████████████████       | 1451/1536 [04:50<00:09,  9.38it/s]100%|█████████████████████████████████████████████████████████████████████████████████████████████████████████████████████████████| 1536/1536 [04:50<00:00,  5.29it/s]

============ Serving Benchmark Result ============
Backend:                                 sglang    
Traffic request rate:                    inf       
Max request concurrency:                 not set   
Successful requests:                     1536      
Benchmark duration (s):                  290.53    
Total input tokens:                      13810677  
Total input text tokens:                 13810677  
Total generated tokens:                  196608    
Total generated tokens (retokenized):    196467    
Request throughput (req/s):              5.29      
Input token throughput (tok/s):          47536.95  
Output token throughput (tok/s):         676.73    
Peak output token throughput (tok/s):    4350.00   
Peak concurrent requests:                1536      
Total token throughput (tok/s):          48213.69  
Concurrency:                             1041.45   
----------------End-to-End Latency----------------
Mean E2E Latency (ms):                   196983.23 
Median E2E Latency (ms):                 217462.83 
P90 E2E Latency (ms):                    281141.80 
P99 E2E Latency (ms):                    289181.18 
---------------Time to First Token----------------
Mean TTFT (ms):                          182978.21 
Median TTFT (ms):                        195011.57 
P99 TTFT (ms):                           285092.97 
-----Time per Output Token (excl. 1st token)------
Mean TPOT (ms):                          110.28    
Median TPOT (ms):                        91.52     
P99 TPOT (ms):                           255.65    
---------------Inter-Token Latency----------------
Mean ITL (ms):                           110.30    
Median ITL (ms):                         39.86     
P95 ITL (ms):                            41.77     
P99 ITL (ms):                            383.63    
Max ITL (ms):                            29989.52  
==================================================
